// Jest Snapshot v1, https://goo.gl/fbAQLP

exports[`Pruebas en <PrimeraApp /> debe mostrar <PrimeraApp /> correctamente 1`] = `
<Fragment>
  <h1>
    Hola Mundo
  </h1>
  <h2>
    Mi primera aplicaci√≥n
  </h2>
  <h3>
    Hola soy Karla
  </h3>
  <p>
    Soy un subtitulo
  </p>
</Fragment>
`;
